Archive member included because of file (symbol)

c:/program files (x86)/gnu tools arm embedded/4.8 2014q2/bin/../lib/gcc/arm-none-eabi/4.8.4/armv6-m\libgcc.a(_udivsi3.o)
                              ..\obj\stm32f0xx_rcc.o (__aeabi_uidiv)
c:/program files (x86)/gnu tools arm embedded/4.8 2014q2/bin/../lib/gcc/arm-none-eabi/4.8.4/armv6-m\libgcc.a(_divsi3.o)
                              ..\obj\HD44780LIB.o (__aeabi_idiv)
c:/program files (x86)/gnu tools arm embedded/4.8 2014q2/bin/../lib/gcc/arm-none-eabi/4.8.4/armv6-m\libgcc.a(_dvmd_tls.o)
                              c:/program files (x86)/gnu tools arm embedded/4.8 2014q2/bin/../lib/gcc/arm-none-eabi/4.8.4/armv6-m\libgcc.a(_udivsi3.o) (__aeabi_idiv0)

Allocating common symbols
Common symbol       size              file

G                   0x8               ..\obj\HD44780LIB.o

Discarded input sections

 .text          0x00000000        0x0 ..\obj\stm32f0xx_rcc.o
 .data          0x00000000       0x10 ..\obj\stm32f0xx_rcc.o
 .bss           0x00000000        0x0 ..\obj\stm32f0xx_rcc.o
 .text.RCC_DeInit
                0x00000000       0x88 ..\obj\stm32f0xx_rcc.o
 .text.RCC_HSEConfig
                0x00000000       0x24 ..\obj\stm32f0xx_rcc.o
 .text.RCC_WaitForHSEStartUp
                0x00000000       0x60 ..\obj\stm32f0xx_rcc.o
 .text.RCC_AdjustHSICalibrationValue
                0x00000000       0x3c ..\obj\stm32f0xx_rcc.o
 .text.RCC_HSICmd
                0x00000000       0x38 ..\obj\stm32f0xx_rcc.o
 .text.RCC_AdjustHSI14CalibrationValue
                0x00000000       0x3c ..\obj\stm32f0xx_rcc.o
 .text.RCC_HSI14Cmd
                0x00000000       0x38 ..\obj\stm32f0xx_rcc.o
 .text.RCC_HSI14ADCRequestCmd
                0x00000000       0x38 ..\obj\stm32f0xx_rcc.o
 .text.RCC_LSEConfig
                0x00000000       0x38 ..\obj\stm32f0xx_rcc.o
 .text.RCC_LSEDriveConfig
                0x00000000       0x2c ..\obj\stm32f0xx_rcc.o
 .text.RCC_LSICmd
                0x00000000       0x38 ..\obj\stm32f0xx_rcc.o
 .text.RCC_PLLConfig
                0x00000000       0x34 ..\obj\stm32f0xx_rcc.o
 .text.RCC_PLLCmd
                0x00000000       0x40 ..\obj\stm32f0xx_rcc.o
 .text.RCC_PREDIV1Config
                0x00000000       0x34 ..\obj\stm32f0xx_rcc.o
 .text.RCC_ClockSecuritySystemCmd
                0x00000000       0x40 ..\obj\stm32f0xx_rcc.o
 .text.RCC_MCOConfig
                0x00000000       0x20 ..\obj\stm32f0xx_rcc.o
 .text.RCC_SYSCLKConfig
                0x00000000       0x34 ..\obj\stm32f0xx_rcc.o
 .text.RCC_GetSYSCLKSource
                0x00000000       0x1c ..\obj\stm32f0xx_rcc.o
 .text.RCC_HCLKConfig
                0x00000000       0x34 ..\obj\stm32f0xx_rcc.o
 .text.RCC_PCLKConfig
                0x00000000       0x38 ..\obj\stm32f0xx_rcc.o
 .text.RCC_ADCCLKConfig
                0x00000000       0x50 ..\obj\stm32f0xx_rcc.o
 .text.RCC_CECCLKConfig
                0x00000000       0x2c ..\obj\stm32f0xx_rcc.o
 .text.RCC_I2CCLKConfig
                0x00000000       0x2c ..\obj\stm32f0xx_rcc.o
 .text.RCC_USARTCLKConfig
                0x00000000       0x2c ..\obj\stm32f0xx_rcc.o
 .text.RCC_GetClocksFreq
                0x00000000      0x1cc ..\obj\stm32f0xx_rcc.o
 .text.RCC_RTCCLKConfig
                0x00000000       0x20 ..\obj\stm32f0xx_rcc.o
 .text.RCC_RTCCLKCmd
                0x00000000       0x40 ..\obj\stm32f0xx_rcc.o
 .text.RCC_BackupResetCmd
                0x00000000       0x40 ..\obj\stm32f0xx_rcc.o
 .text.RCC_APB2PeriphClockCmd
                0x00000000       0x3c ..\obj\stm32f0xx_rcc.o
 .text.RCC_APB1PeriphClockCmd
                0x00000000       0x3c ..\obj\stm32f0xx_rcc.o
 .text.RCC_AHBPeriphResetCmd
                0x00000000       0x3c ..\obj\stm32f0xx_rcc.o
 .text.RCC_APB2PeriphResetCmd
                0x00000000       0x3c ..\obj\stm32f0xx_rcc.o
 .text.RCC_APB1PeriphResetCmd
                0x00000000       0x3c ..\obj\stm32f0xx_rcc.o
 .text.RCC_ITConfig
                0x00000000       0x50 ..\obj\stm32f0xx_rcc.o
 .text.RCC_GetFlagStatus
                0x00000000       0x90 ..\obj\stm32f0xx_rcc.o
 .text.RCC_ClearFlag
                0x00000000       0x1c ..\obj\stm32f0xx_rcc.o
 .text.RCC_GetITStatus
                0x00000000       0x44 ..\obj\stm32f0xx_rcc.o
 .text.RCC_ClearITPendingBit
                0x00000000       0x20 ..\obj\stm32f0xx_rcc.o
 .text          0x00000000        0x0 ..\obj\main.o
 .data          0x00000000        0x0 ..\obj\main.o
 .text          0x00000000       0x14 ..\obj\startup_stm32f0xx.o
 .data          0x00000000        0x0 ..\obj\startup_stm32f0xx.o
 .bss           0x00000000        0x0 ..\obj\startup_stm32f0xx.o
 .text          0x00000000        0x0 ..\obj\HD44780LIB.o
 .text.Abs      0x00000000       0x20 ..\obj\HD44780LIB.o
 .text.PChar    0x00000000       0x84 ..\obj\HD44780LIB.o
 .text          0x00000000        0x0 ..\obj\system_stm32f0xx_temp.o
 .bss           0x00000000        0x0 ..\obj\system_stm32f0xx_temp.o
 .text.SystemCoreClockUpdate1
                0x00000000       0xd0 ..\obj\system_stm32f0xx_temp.o
 .text          0x00000000        0x0 ..\obj\stm32f0xx_gpio.o
 .data          0x00000000        0x0 ..\obj\stm32f0xx_gpio.o
 .bss           0x00000000        0x0 ..\obj\stm32f0xx_gpio.o
 .text.GPIO_DeInit
                0x00000000       0xc8 ..\obj\stm32f0xx_gpio.o
 .text.GPIO_StructInit
                0x00000000       0x30 ..\obj\stm32f0xx_gpio.o
 .text.GPIO_PinLockConfig
                0x00000000       0x44 ..\obj\stm32f0xx_gpio.o
 .text.GPIO_ReadInputDataBit
                0x00000000       0x48 ..\obj\stm32f0xx_gpio.o
 .text.GPIO_ReadInputData
                0x00000000       0x18 ..\obj\stm32f0xx_gpio.o
 .text.GPIO_ReadOutputDataBit
                0x00000000       0x48 ..\obj\stm32f0xx_gpio.o
 .text.GPIO_ReadOutputData
                0x00000000       0x18 ..\obj\stm32f0xx_gpio.o
 .text.GPIO_Write
                0x00000000       0x1c ..\obj\stm32f0xx_gpio.o
 .text.GPIO_PinAFConfig
                0x00000000       0x9c ..\obj\stm32f0xx_gpio.o
 .data          0x00000000        0x0 c:/program files (x86)/gnu tools arm embedded/4.8 2014q2/bin/../lib/gcc/arm-none-eabi/4.8.4/armv6-m\libgcc.a(_udivsi3.o)
 .bss           0x00000000        0x0 c:/program files (x86)/gnu tools arm embedded/4.8 2014q2/bin/../lib/gcc/arm-none-eabi/4.8.4/armv6-m\libgcc.a(_udivsi3.o)
 .data          0x00000000        0x0 c:/program files (x86)/gnu tools arm embedded/4.8 2014q2/bin/../lib/gcc/arm-none-eabi/4.8.4/armv6-m\libgcc.a(_divsi3.o)
 .bss           0x00000000        0x0 c:/program files (x86)/gnu tools arm embedded/4.8 2014q2/bin/../lib/gcc/arm-none-eabi/4.8.4/armv6-m\libgcc.a(_divsi3.o)
 .data          0x00000000        0x0 c:/program files (x86)/gnu tools arm embedded/4.8 2014q2/bin/../lib/gcc/arm-none-eabi/4.8.4/armv6-m\libgcc.a(_dvmd_tls.o)
 .bss           0x00000000        0x0 c:/program files (x86)/gnu tools arm embedded/4.8 2014q2/bin/../lib/gcc/arm-none-eabi/4.8.4/armv6-m\libgcc.a(_dvmd_tls.o)

Memory Configuration

Name             Origin             Length             Attributes
rom              0x08000000         0x00010000         xr
ram              0x20000000         0x00002000         xrw
*default*        0x00000000         0xffffffff

Linker script and memory map

                0x20002000                _eram = 0x20002000

.text           0x08000000      0xd78
 *(.isr_vector)
 .isr_vector    0x08000000       0xc4 ..\obj\startup_stm32f0xx.o
                0x08000000                g_pfnVectors
 *(.text*)
 .text.RCC_AHBPeriphClockCmd
                0x080000c4       0x3c ..\obj\stm32f0xx_rcc.o
                0x080000c4                RCC_AHBPeriphClockCmd
 .text.NVIC_SetPriority
                0x08000100       0xe0 ..\obj\main.o
 .text.SysTick_Config
                0x080001e0       0x4c ..\obj\main.o
 .text.SysTick_Handler
                0x0800022c       0x38 ..\obj\main.o
                0x0800022c                SysTick_Handler
 .text.Delay    0x08000264       0x2c ..\obj\main.o
                0x08000264                Delay
 .text.main     0x08000290       0x88 ..\obj\main.o
                0x08000290                main
 .text.Reset_Handler
                0x08000318       0x4c ..\obj\startup_stm32f0xx.o
                0x08000318                Reset_Handler
 .text.Default_Handler
                0x08000364        0x2 ..\obj\startup_stm32f0xx.o
                0x08000364                TIM1_CC_IRQHandler
                0x08000364                HardFault_Handler
                0x08000364                ADC1_COMP_IRQHandler
                0x08000364                PVD_IRQHandler
                0x08000364                PendSV_Handler
                0x08000364                NMI_Handler
                0x08000364                I2C1_IRQHandler
                0x08000364                SPI1_IRQHandler
                0x08000364                TIM6_DAC_IRQHandler
                0x08000364                EXTI2_3_IRQHandler
                0x08000364                I2C2_IRQHandler
                0x08000364                TIM17_IRQHandler
                0x08000364                RTC_IRQHandler
                0x08000364                TIM16_IRQHandler
                0x08000364                TIM3_IRQHandler
                0x08000364                EXTI4_15_IRQHandler
                0x08000364                RCC_IRQHandler
                0x08000364                DMA1_Channel1_IRQHandler
                0x08000364                Default_Handler
                0x08000364                CEC_IRQHandler
                0x08000364                TIM14_IRQHandler
                0x08000364                DMA1_Channel4_5_IRQHandler
                0x08000364                TIM15_IRQHandler
                0x08000364                EXTI0_1_IRQHandler
                0x08000364                SPI2_IRQHandler
                0x08000364                SVC_Handler
                0x08000364                TS_IRQHandler
                0x08000364                WWDG_IRQHandler
                0x08000364                TIM2_IRQHandler
                0x08000364                DMA1_Channel2_3_IRQHandler
                0x08000364                USART2_IRQHandler
                0x08000364                FLASH_IRQHandler
                0x08000364                USART1_IRQHandler
                0x08000364                TIM1_BRK_UP_TRG_COM_IRQHandler
 *fill*         0x08000366        0x2 
 .text.H_LEDPWM
                0x08000368       0x54 ..\obj\HD44780LIB.o
                0x08000368                H_LEDPWM
 .text.H_ChargePump
                0x080003bc       0x2c ..\obj\HD44780LIB.o
                0x080003bc                H_ChargePump
 .text.H_HWInit
                0x080003e8       0x90 ..\obj\HD44780LIB.o
                0x080003e8                H_HWInit
 .text.H_W8b    0x08000478      0x12c ..\obj\HD44780LIB.o
                0x08000478                H_W8b
 .text.Strlen   0x080005a4       0x5c ..\obj\HD44780LIB.o
                0x080005a4                Strlen
 .text.FPow     0x08000600       0x54 ..\obj\HD44780LIB.o
                0x08000600                FPow
 .text.PStr     0x08000654       0xdc ..\obj\HD44780LIB.o
                0x08000654                PStr
 .text.PNum     0x08000730      0x1b4 ..\obj\HD44780LIB.o
                0x08000730                PNum
 .text.ClrDisp  0x080008e4       0x18 ..\obj\HD44780LIB.o
                0x080008e4                ClrDisp
 .text.SystemInit1
                0x080008fc       0x8c ..\obj\system_stm32f0xx_temp.o
                0x080008fc                SystemInit
                0x080008fc                SystemInit1
 .text.SetSysClock1
                0x08000988       0xe0 ..\obj\system_stm32f0xx_temp.o
                0x08000988                SetSysClock
 .text.GPIO_Init
                0x08000a68      0x138 ..\obj\stm32f0xx_gpio.o
                0x08000a68                GPIO_Init
 .text.GPIO_SetBits
                0x08000ba0       0x1c ..\obj\stm32f0xx_gpio.o
                0x08000ba0                GPIO_SetBits
 .text.GPIO_ResetBits
                0x08000bbc       0x1c ..\obj\stm32f0xx_gpio.o
                0x08000bbc                GPIO_ResetBits
 .text.GPIO_WriteBit
                0x08000bd8       0x30 ..\obj\stm32f0xx_gpio.o
                0x08000bd8                GPIO_WriteBit
 .text          0x08000c08       0x9c c:/program files (x86)/gnu tools arm embedded/4.8 2014q2/bin/../lib/gcc/arm-none-eabi/4.8.4/armv6-m\libgcc.a(_udivsi3.o)
                0x08000c08                __aeabi_uidiv
                0x08000c08                __udivsi3
                0x08000c90                __aeabi_uidivmod
 .text          0x08000ca4       0xc0 c:/program files (x86)/gnu tools arm embedded/4.8 2014q2/bin/../lib/gcc/arm-none-eabi/4.8.4/armv6-m\libgcc.a(_divsi3.o)
                0x08000ca4                __divsi3
                0x08000ca4                __aeabi_idiv
                0x08000d50                __aeabi_idivmod
 .text          0x08000d64        0x4 c:/program files (x86)/gnu tools arm embedded/4.8 2014q2/bin/../lib/gcc/arm-none-eabi/4.8.4/armv6-m\libgcc.a(_dvmd_tls.o)
                0x08000d64                __aeabi_idiv0
                0x08000d64                __aeabi_ldiv0
 *(.init)
 *(.fini)
 *crtbegin.o(.ctors)
 *crtbegin?.o(.ctors)
 *(EXCLUDE_FILE(*crtend.o *crtend?.o) .ctors)
 *(SORT(.ctors.*))
 *(.ctors)
 *crtbegin.o(.dtors)
 *crtbegin?.o(.dtors)
 *(EXCLUDE_FILE(*crtend.o *crtend?.o) .dtors)
 *(SORT(.dtors.*))
 *(.dtors)
 *(.rodata*)
 .rodata        0x08000d68       0x10 ..\obj\main.o
 *(.eh_fram e*)

.glue_7         0x08000d78        0x0
 .glue_7        0x00000000        0x0 linker stubs

.glue_7t        0x08000d78        0x0
 .glue_7t       0x00000000        0x0 linker stubs

.vfp11_veneer   0x08000d78        0x0
 .vfp11_veneer  0x00000000        0x0 linker stubs

.v4_bx          0x08000d78        0x0
 .v4_bx         0x00000000        0x0 linker stubs

.iplt           0x08000d78        0x0
 .iplt          0x00000000        0x0 ..\obj\stm32f0xx_rcc.o

.rel.dyn        0x08000d78        0x0
 .rel.iplt      0x00000000        0x0 ..\obj\stm32f0xx_rcc.o

.ARM.extab
 *(.ARM.extab* .gnu.linkonce.armextab.*)
                0x08000d78                __exidx_start = .

.ARM.exidx
 *(.ARM.exidx* .gnu.linkonce.armexidx.*)
                0x08000d78                __exidx_end = .
                0x08000d78                __etext = .
                0x08000d78                _sidata = __etext

.data           0x20000000       0x18 load address 0x08000d78
                0x20000000                __data_start__ = .
                0x20000000                _sdata = __data_start__
 *(vtable)
 *(.data*)
 .data          0x20000000        0x2 ..\obj\HD44780LIB.o
                0x20000000                LEDBrightness
 *fill*         0x20000002        0x2 
 .data          0x20000004       0x14 ..\obj\system_stm32f0xx_temp.o
                0x20000004                SystemCoreClock
                0x20000008                AHBPrescTable
                0x20000018                . = ALIGN (0x4)
                0x20000018                PROVIDE (__preinit_array_start, .)
 *(.preinit_array)
                0x20000018                PROVIDE (__preinit_array_end, .)
                0x20000018                . = ALIGN (0x4)
                0x20000018                PROVIDE (__init_array_start, .)
 *(SORT(.init_array.*))
 *(.init_array)
                0x20000018                PROVIDE (__init_array_end, .)
                0x20000018                . = ALIGN (0x4)
                0x20000018                PROVIDE (__fini_array_start, .)
 *(SORT(.fini_array.*))
 *(.fini_array)
                0x20000018                PROVIDE (__fini_array_end, .)
 *(.jcr*)
                0x20000018                . = ALIGN (0x4)
                0x20000018                __data_end__ = .
                0x20000018                _edata = __data_end__

.igot.plt       0x20000018        0x0 load address 0x08000d90
 .igot.plt      0x00000000        0x0 ..\obj\stm32f0xx_rcc.o

.bss            0x20000018       0x14 load address 0x08000d90
                0x20000018                . = ALIGN (0x4)
                0x20000018                __bss_start__ = .
                0x20000018                _sbss = __bss_start__
 *(.bss*)
 .bss           0x20000018        0x8 ..\obj\main.o
                0x20000018                MSec
 .bss           0x20000020        0x1 ..\obj\HD44780LIB.o
 *(COMMON)
 *fill*         0x20000021        0x3 
 COMMON         0x20000024        0x8 ..\obj\HD44780LIB.o
                0x20000024                G
                0x2000002c                . = ALIGN (0x4)
                0x2000002c                __bss_end__ = .
                0x2000002c                _ebss = __bss_end__

.heap           0x2000002c        0x0
                0x2000002c                __end__ = .
                0x2000002c                _end = __end__
                0x2000002c                end = __end__
 *(.heap*)
                0x2000002c                __HeapLimit = .

.co_stack       0x2000002c        0x4 load address 0x08000da4
                0x20000030                . = ALIGN (0x8)
 *fill*         0x2000002c        0x4 
 *(.co_stack .co_stack.*)
                0x20002000                __StackTop = (ORIGIN (ram) + 0x2000)
                0x20001ffc                __StackLimit = (__StackTop - SIZEOF (.co_stack))
                0x20002000                PROVIDE (__stack, __StackTop)
                0x00000001                ASSERT ((__StackLimit >= __HeapLimit), region ram  overflowed with stack)
LOAD ..\obj\stm32f0xx_rcc.o
LOAD ..\obj\main.o
LOAD ..\obj\startup_stm32f0xx.o
LOAD ..\obj\HD44780LIB.o
LOAD ..\obj\system_stm32f0xx_temp.o
LOAD ..\obj\stm32f0xx_gpio.o
START GROUP
LOAD c:/program files (x86)/gnu tools arm embedded/4.8 2014q2/bin/../lib/gcc/arm-none-eabi/4.8.4/armv6-m\libgcc.a
LOAD c:/program files (x86)/gnu tools arm embedded/4.8 2014q2/bin/../lib/gcc/arm-none-eabi/4.8.4/../../../../arm-none-eabi/lib/armv6-m\libg.a
LOAD c:/program files (x86)/gnu tools arm embedded/4.8 2014q2/bin/../lib/gcc/arm-none-eabi/4.8.4/../../../../arm-none-eabi/lib/armv6-m\libc.a
END GROUP
OUTPUT(HD44780.elf elf32-littlearm)

.debug_info     0x00000000     0x1d17
 .debug_info    0x00000000      0x99a ..\obj\stm32f0xx_rcc.o
 .debug_info    0x0000099a      0x451 ..\obj\main.o
 .debug_info    0x00000deb      0x103 ..\obj\startup_stm32f0xx.o
 .debug_info    0x00000eee      0x56b ..\obj\HD44780LIB.o
 .debug_info    0x00001459      0x2ef ..\obj\system_stm32f0xx_temp.o
 .debug_info    0x00001748      0x5cf ..\obj\stm32f0xx_gpio.o

.debug_abbrev   0x00000000      0x84c
 .debug_abbrev  0x00000000      0x1ec ..\obj\stm32f0xx_rcc.o
 .debug_abbrev  0x000001ec      0x1ae ..\obj\main.o
 .debug_abbrev  0x0000039a       0x12 ..\obj\startup_stm32f0xx.o
 .debug_abbrev  0x000003ac      0x1d1 ..\obj\HD44780LIB.o
 .debug_abbrev  0x0000057d      0x134 ..\obj\system_stm32f0xx_temp.o
 .debug_abbrev  0x000006b1      0x19b ..\obj\stm32f0xx_gpio.o

.debug_aranges  0x00000000      0x2d8
 .debug_aranges
                0x00000000      0x150 ..\obj\stm32f0xx_rcc.o
 .debug_aranges
                0x00000150       0x40 ..\obj\main.o
 .debug_aranges
                0x00000190       0x28 ..\obj\startup_stm32f0xx.o
 .debug_aranges
                0x000001b8       0x70 ..\obj\HD44780LIB.o
 .debug_aranges
                0x00000228       0x30 ..\obj\system_stm32f0xx_temp.o
 .debug_aranges
                0x00000258       0x80 ..\obj\stm32f0xx_gpio.o

.debug_ranges   0x00000000      0x280
 .debug_ranges  0x00000000      0x140 ..\obj\stm32f0xx_rcc.o
 .debug_ranges  0x00000140       0x30 ..\obj\main.o
 .debug_ranges  0x00000170       0x20 ..\obj\startup_stm32f0xx.o
 .debug_ranges  0x00000190       0x60 ..\obj\HD44780LIB.o
 .debug_ranges  0x000001f0       0x20 ..\obj\system_stm32f0xx_temp.o
 .debug_ranges  0x00000210       0x70 ..\obj\stm32f0xx_gpio.o

.debug_line     0x00000000     0x128e
 .debug_line    0x00000000      0x593 ..\obj\stm32f0xx_rcc.o
 .debug_line    0x00000593      0x2cd ..\obj\main.o
 .debug_line    0x00000860       0xdb ..\obj\startup_stm32f0xx.o
 .debug_line    0x0000093b      0x3fc ..\obj\HD44780LIB.o
 .debug_line    0x00000d37      0x1e9 ..\obj\system_stm32f0xx_temp.o
 .debug_line    0x00000f20      0x36e ..\obj\stm32f0xx_gpio.o

.debug_str      0x00000000      0xeba
 .debug_str     0x00000000      0x6b2 ..\obj\stm32f0xx_rcc.o
                                0x74b (size before relaxing)
 .debug_str     0x000006b2      0x30e ..\obj\main.o
                                0x442 (size before relaxing)
 .debug_str     0x000009c0      0x275 ..\obj\HD44780LIB.o
                                0x408 (size before relaxing)
 .debug_str     0x00000c35       0xca ..\obj\system_stm32f0xx_temp.o
                                0x2c2 (size before relaxing)
 .debug_str     0x00000cff      0x1bb ..\obj\stm32f0xx_gpio.o
                                0x4b2 (size before relaxing)

.comment        0x00000000       0x70
 .comment       0x00000000       0x70 ..\obj\stm32f0xx_rcc.o
                                 0x71 (size before relaxing)
 .comment       0x00000000       0x71 ..\obj\main.o
 .comment       0x00000000       0x71 ..\obj\HD44780LIB.o
 .comment       0x00000000       0x71 ..\obj\system_stm32f0xx_temp.o
 .comment       0x00000000       0x71 ..\obj\stm32f0xx_gpio.o

.ARM.attributes
                0x00000000       0x2f
 .ARM.attributes
                0x00000000       0x31 ..\obj\stm32f0xx_rcc.o
 .ARM.attributes
                0x00000031       0x31 ..\obj\main.o
 .ARM.attributes
                0x00000062       0x21 ..\obj\startup_stm32f0xx.o
 .ARM.attributes
                0x00000083       0x31 ..\obj\HD44780LIB.o
 .ARM.attributes
                0x000000b4       0x31 ..\obj\system_stm32f0xx_temp.o
 .ARM.attributes
                0x000000e5       0x31 ..\obj\stm32f0xx_gpio.o
 .ARM.attributes
                0x00000116       0x1e c:/program files (x86)/gnu tools arm embedded/4.8 2014q2/bin/../lib/gcc/arm-none-eabi/4.8.4/armv6-m\libgcc.a(_udivsi3.o)
 .ARM.attributes
                0x00000134       0x1e c:/program files (x86)/gnu tools arm embedded/4.8 2014q2/bin/../lib/gcc/arm-none-eabi/4.8.4/armv6-m\libgcc.a(_divsi3.o)
 .ARM.attributes
                0x00000152       0x1e c:/program files (x86)/gnu tools arm embedded/4.8 2014q2/bin/../lib/gcc/arm-none-eabi/4.8.4/armv6-m\libgcc.a(_dvmd_tls.o)

.debug_frame    0x00000000      0x94c
 .debug_frame   0x00000000      0x4e4 ..\obj\stm32f0xx_rcc.o
 .debug_frame   0x000004e4       0xac ..\obj\main.o
 .debug_frame   0x00000590      0x160 ..\obj\HD44780LIB.o
 .debug_frame   0x000006f0       0x6c ..\obj\system_stm32f0xx_temp.o
 .debug_frame   0x0000075c      0x1b0 ..\obj\stm32f0xx_gpio.o
 .debug_frame   0x0000090c       0x20 c:/program files (x86)/gnu tools arm embedded/4.8 2014q2/bin/../lib/gcc/arm-none-eabi/4.8.4/armv6-m\libgcc.a(_udivsi3.o)
 .debug_frame   0x0000092c       0x20 c:/program files (x86)/gnu tools arm embedded/4.8 2014q2/bin/../lib/gcc/arm-none-eabi/4.8.4/armv6-m\libgcc.a(_divsi3.o)
